WORLD 2 16
THREADS 2 1
BLAS_THREADS 2 1
WORLD 3 16
THREADS 3 1
BLAS_THREADS 3 1
WORLD 4 16
THREADS 4 1
BLAS_THREADS 4 1
WORLD 10 16
THREADS 10 1
BLAS_THREADS 10 1
WORLD 11 16
THREADS 11 1
BLAS_THREADS 11 1
WORLD 12 16
THREADS 12 1
BLAS_THREADS 12 1
WORLD 14 16
THREADS 14 1
BLAS_THREADS 14 1
WORLD 15 16
THREADS 15 1
BLAS_THREADS 15 1
WORLD 0 16
THREADS 0 1
BLAS_THREADS 0 1
WORLD 1 16
THREADS 1 1
BLAS_THREADS 1 1
WORLD 5 16
THREADS 5 1
BLAS_THREADS 5 1
WORLD 8 16
THREADS 8 1
BLAS_THREADS 8 1
WORLD 9 16
THREADS 9 1
BLAS_THREADS 9 1
WORLD 13 16
THREADS 13 1
BLAS_THREADS 13 1
WORLD 6 16
THREADS 6 1
BLAS_THREADS 6 1
WORLD 7 16
THREADS 7 1
BLAS_THREADS 7 1
BENCH 1 1.063919762 100
BENCH 2 1.061344318 100
BENCH 3 1.068876045 100
