valid PASS
world4-width2-rank3-valid PASS
raw DISCRETE
cursor DISCRETE
count DISCRETE
future DISCRETE
saved DISCRETE
burn DISCRETE
scratch DISCRETE
counter DISCRETE
width SCHEMA_OR_NUMERIC
raw-u32 SCHEMA_OR_NUMERIC
cursor-range SCHEMA_OR_NUMERIC
count-leading-zero SCHEMA_OR_NUMERIC
count-u128 SCHEMA_OR_NUMERIC
missing-raw SCHEMA_OR_NUMERIC
config-width SCHEMA_OR_NUMERIC
config-value SCHEMA_OR_NUMERIC
unknown-field SCHEMA_OR_NUMERIC
missing-callback SCHEMA_OR_NUMERIC
wrong-result SCHEMA_OR_NUMERIC
requested-only SCHEMA_OR_NUMERIC
numeric-shape SCHEMA_OR_NUMERIC
numeric-value SCHEMA_OR_NUMERIC
wrong-rank SCHEMA_OR_NUMERIC
all-missing-component SCHEMA_OR_NUMERIC
all-extra-component SCHEMA_OR_NUMERIC
all-object-component SCHEMA_OR_NUMERIC
all-unknown-boundary SCHEMA_OR_NUMERIC
all-unknown-observation SCHEMA_OR_NUMERIC
all-group-formula SCHEMA_OR_NUMERIC
all-group-rank-formula SCHEMA_OR_NUMERIC
all-seed-offset-formula SCHEMA_OR_NUMERIC
all-negative-counter SCHEMA_OR_NUMERIC
all-gutz-range SCHEMA_OR_NUMERIC
all-jastrow-range SCHEMA_OR_NUMERIC
burn-truncated SCHEMA_OR_NUMERIC
burn-extra-padding SCHEMA_OR_NUMERIC
burn-active-range SCHEMA_OR_NUMERIC
burn-cfg-range SCHEMA_OR_NUMERIC
burn-num-range SCHEMA_OR_NUMERIC
burn-cfg-num-conflict SCHEMA_OR_NUMERIC
burn-order-conflict SCHEMA_OR_NUMERIC
burn-gutz-range SCHEMA_OR_NUMERIC
burn-jastrow-range SCHEMA_OR_NUMERIC
burn-packed-tail-discrete DISCRETE
burn-inactive-cfg-discrete DISCRETE
burn-inactive-num-discrete DISCRETE
burn-inactive-proj-discrete DISCRETE
2positive/47negative transport controls PASS; not a physics/model oracle
