BLAS_THREADS 0 1
WORLD 0 8
THREADS 0 2
BLAS_THREADS 2 1
WORLD 2 8
THREADS 2 2
BLAS_THREADS 4 1
WORLD 4 8
THREADS 4 2
BLAS_THREADS 6 1
WORLD 6 8
THREADS 6 2
BLAS_THREADS 1 1
WORLD 1 8
THREADS 1 2
BLAS_THREADS 3 1
WORLD 3 8
THREADS 3 2
BLAS_THREADS 5 1
WORLD 5 8
THREADS 5 2
BLAS_THREADS 7 1
WORLD 7 8
THREADS 7 2
EXECUTION 0 2758 2
EXECUTION_DETAIL 0 ExecutionSnapshot { parallel_calls: 2758, serial_calls: 37748, executed_qp_items: 297328, parallel_qp_items: 8624, serial_qp_items: 288704, executed_term_items: 102400, parallel_term_items: 102400, serial_term_items: 0, executed_region_items: 0, parallel_region_items: 0, serial_region_items: 0, parallel_entry_items: 1442020, serial_entry_items: 175780, worker_entries: 1553044, distinct_workers: 2, worker_ids: [0, 1] }
EXECUTION 1 2759 2
EXECUTION_DETAIL 1 ExecutionSnapshot { parallel_calls: 2759, serial_calls: 37785, executed_qp_items: 297632, parallel_qp_items: 8632, serial_qp_items: 289000, executed_term_items: 102400, parallel_term_items: 102400, serial_term_items: 0, executed_region_items: 0, parallel_region_items: 0, serial_region_items: 0, parallel_entry_items: 1442020, serial_entry_items: 175780, worker_entries: 1553052, distinct_workers: 2, worker_ids: [0, 1] }
EXECUTION 2 2761 2
EXECUTION_DETAIL 2 ExecutionSnapshot { parallel_calls: 2761, serial_calls: 37854, executed_qp_items: 298200, parallel_qp_items: 8648, serial_qp_items: 289552, executed_term_items: 102400, parallel_term_items: 102400, serial_term_items: 0, executed_region_items: 0, parallel_region_items: 0, serial_region_items: 0, parallel_entry_items: 1442020, serial_entry_items: 175780, worker_entries: 1553068, distinct_workers: 2, worker_ids: [0, 1] }
EXECUTION 3 2763 2
EXECUTION_DETAIL 3 ExecutionSnapshot { parallel_calls: 2763, serial_calls: 37847, executed_qp_items: 298160, parallel_qp_items: 8664, serial_qp_items: 289496, executed_term_items: 102400, parallel_term_items: 102400, serial_term_items: 0, executed_region_items: 0, parallel_region_items: 0, serial_region_items: 0, parallel_entry_items: 1442020, serial_entry_items: 175780, worker_entries: 1553084, distinct_workers: 2, worker_ids: [0, 1] }
EXECUTION 4 2762 2
EXECUTION_DETAIL 4 ExecutionSnapshot { parallel_calls: 2762, serial_calls: 37823, executed_qp_items: 297960, parallel_qp_items: 8656, serial_qp_items: 289304, executed_term_items: 102400, parallel_term_items: 102400, serial_term_items: 0, executed_region_items: 0, parallel_region_items: 0, serial_region_items: 0, parallel_entry_items: 1442020, serial_entry_items: 175780, worker_entries: 1553076, distinct_workers: 2, worker_ids: [0, 1] }
EXECUTION 5 2765 2
EXECUTION_DETAIL 5 ExecutionSnapshot { parallel_calls: 2765, serial_calls: 37875, executed_qp_items: 298400, parallel_qp_items: 8680, serial_qp_items: 289720, executed_term_items: 102400, parallel_term_items: 102400, serial_term_items: 0, executed_region_items: 0, parallel_region_items: 0, serial_region_items: 0, parallel_entry_items: 1442020, serial_entry_items: 175780, worker_entries: 1553100, distinct_workers: 2, worker_ids: [0, 1] }
EXECUTION 6 2766 2
EXECUTION_DETAIL 6 ExecutionSnapshot { parallel_calls: 2766, serial_calls: 37889, executed_qp_items: 298520, parallel_qp_items: 8688, serial_qp_items: 289832, executed_term_items: 102400, parallel_term_items: 102400, serial_term_items: 0, executed_region_items: 0, parallel_region_items: 0, serial_region_items: 0, parallel_entry_items: 1442020, serial_entry_items: 175780, worker_entries: 1553108, distinct_workers: 2, worker_ids: [0, 1] }
EXECUTION 7 2759 2
EXECUTION_DETAIL 7 ExecutionSnapshot { parallel_calls: 2759, serial_calls: 37737, executed_qp_items: 297248, parallel_qp_items: 8632, serial_qp_items: 288616, executed_term_items: 102400, parallel_term_items: 102400, serial_term_items: 0, executed_region_items: 0, parallel_region_items: 0, serial_region_items: 0, parallel_entry_items: 1442020, serial_entry_items: 175780, worker_entries: 1553052, distinct_workers: 2, worker_ids: [0, 1] }
BENCH 1 3.029192283 -5.18352784980037673e-1
BENCH 2 3.051310906 -5.18352784980037673e-1
BENCH 3 3.042869542 -5.18352784980037673e-1
