   Compiling autocfg v1.5.0
   Compiling proc-macro2 v1.0.106
   Compiling quote v1.0.45
   Compiling unicode-ident v1.0.24
    Checking bytemuck v1.25.0
    Checking cfg-if v1.0.4
   Compiling libc v0.2.186
    Checking bitflags v2.11.1
   Compiling thiserror v1.0.69
    Checking once_cell v1.21.4
    Checking rand_core v0.6.4
   Compiling getrandom v0.3.4
   Compiling zerocopy v0.8.48
    Checking pin-project-lite v0.2.17
   Compiling version_check v0.9.5
   Compiling crossbeam-utils v0.8.21
   Compiling libm v0.2.16
   Compiling paste v1.0.15
    Checking raw-cpuid v11.6.0
   Compiling num-traits v0.2.19
    Checking pulp-wasm-simd-flag v0.1.0
    Checking sfmt19937 v0.0.0 (/home/vscode/.cache/mvmc/issue496-direct-sr-final/crates/sfmt19937)
    Checking tracing-core v0.1.36
    Checking reborrow v0.5.5
   Compiling pulp v0.22.2
   Compiling rayon-core v1.13.0
    Checking either v1.16.0
   Compiling nano-gemm-codegen v0.2.1
   Compiling thiserror v2.0.18
    Checking smallvec v1.15.2
   Compiling dyn-stack-macros v0.1.3
   Compiling seq-macro v0.3.6
   Compiling syn v1.0.109
    Checking crossbeam-epoch v0.9.18
    Checking tenferro-core-ops v0.7.1
   Compiling shlex v2.0.1
   Compiling glob v0.3.4
    Checking nano-gemm-core v0.2.1
   Compiling find-msvc-tools v0.1.14
    Checking lapack-sys v0.14.0
    Checking blas-sys v0.7.1
    Checking dyn-stack v0.13.2
    Checking foldhash v0.2.0
    Checking num-complex v0.4.6
    Checking ppv-lite86 v0.2.21
   Compiling syn v2.0.117
    Checking approx v0.5.1
    Checking crossbeam-deque v0.8.6
   Compiling clang-sys v1.9.1
   Compiling nano-gemm-f64 v0.2.1
   Compiling cc v1.5.1
   Compiling nano-gemm-c64 v0.2.1
   Compiling nano-gemm-f32 v0.2.1
    Checking rand_core v0.9.5
   Compiling nano-gemm-c32 v0.2.1
    Checking hashbrown v0.17.1
    Checking crossbeam-channel v0.5.15
    Checking strided-traits v0.4.4
    Checking blas v0.22.0
    Checking lapack v0.19.0
   Compiling thiserror-impl v1.0.69
   Compiling tracing-attributes v0.1.31
   Compiling thiserror-impl v2.0.18
    Checking rand_chacha v0.9.0
   Compiling interpol v0.2.1
   Compiling equator-macro v0.4.2
    Checking crossbeam-queue v0.3.12
   Compiling memchr v2.8.0
   Compiling minimal-lexical v0.2.1
   Compiling defer v0.2.1
   Compiling regex-syntax v0.8.10
    Checking rayon v1.12.0
    Checking rand v0.9.4
   Compiling equator-macro v0.2.1
    Checking atomic-wait v1.1.0
    Checking tracing v0.1.44
    Checking crossbeam v0.8.4
   Compiling libloading v0.8.9
   Compiling shell-words v1.1.1
    Checking equator v0.4.2
   Compiling private-gemm-x86 v0.1.20
   Compiling nom v7.1.3
   Compiling regex-automata v0.4.14
   Compiling bindgen v0.72.1
   Compiling pfapack v0.0.0 (/home/vscode/.cache/mvmc/issue496-direct-sr-final/crates/pfapack)
    Checking gemm-common v0.19.0
   Compiling pkg-config v0.3.34
    Checking equator v0.2.2
    Checking mvmc-expert-parsers v0.0.0 (/home/vscode/.cache/mvmc/issue496-direct-sr-final/crates/mvmc-expert-parsers)
    Checking strided-view v0.4.4
   Compiling itertools v0.13.0
    Checking tenferro-tensor-core v0.7.1
    Checking spindle v0.2.6
   Compiling cexpr v0.6.0
   Compiling regex v1.12.3
    Checking gemm-f64 v0.19.0
   Compiling build-probe-mpi v0.1.6
    Checking gemm-c64 v0.19.0
    Checking gemm-f32 v0.19.0
    Checking gemm-c32 v0.19.0
    Checking qd v0.8.0
   Compiling tenferro-internal-extension-macros v0.7.1
    Checking num_cpus v1.17.0
    Checking strided-perm v0.4.4
    Checking tenferro-tensor v0.7.1
   Compiling shlex v1.3.0
   Compiling serde_core v1.0.228
   Compiling equator-macro v0.6.0
    Checking generativity v1.2.1
   Compiling rustc-hash v2.1.3
    Checking computegraph v0.1.0
    Checking gemm v0.19.0
    Checking lru v0.18.5
   Compiling zmij v1.0.21
    Checking nano-gemm v0.2.2
    Checking strided-basic v0.4.4
   Compiling libffi-sys v4.2.2
    Checking equivalent v1.0.2
   Compiling serde v1.0.228
    Checking equator v0.6.0
    Checking faer-traits v0.24.0
    Checking tenferro-internal-ops v0.7.1
   Compiling serde_json v1.0.150
   Compiling serde_derive v1.0.228
   Compiling matrixmultiply v0.3.10
    Checking strided-fused v0.4.4
    Checking tenferro-cpu-basic v0.7.1
    Checking indexmap v2.14.0
    Checking itoa v1.0.18
    Checking tenferro-runtime v0.7.1 (/home/vscode/.cache/mvmc/issue496-direct-sr-final/third_party/tenferro-runtime)
   Compiling mpi v0.8.2
    Checking faer v0.24.4
    Checking rawpointer v0.2.1
    Checking custom_derive v0.1.7
    Checking num-integer v0.1.46
   Compiling mpi-sys v0.2.4
   Compiling mvmc-core v0.0.0 (/home/vscode/.cache/mvmc/issue496-direct-sr-final/crates/mvmc-core)
    Checking strided-kernel v0.4.4
    Checking tenferro-cpu-fused v0.7.1
    Checking priority-queue v2.7.0
   Compiling generic-array v0.14.7
    Checking typenum v1.20.1
   Compiling crc32fast v1.5.2
    Checking conv v0.3.3
    Checking simd-adler32 v0.3.10
    Checking adler2 v2.0.1
    Checking cpufeatures v0.2.17
   Compiling rustix v1.1.4
    Checking tenferro-internal-cpu-kernels v0.7.1
   Compiling getrandom v0.4.2
    Checking linux-raw-sys v0.12.1
    Checking omeco v0.2.4
    Checking ndarray v0.16.1
    Checking fastrand v2.4.1
    Checking miniz_oxide v0.9.1
    Checking wait-timeout v0.2.1
    Checking fnv v1.0.7
    Checking bit-vec v0.8.0
    Checking quick-error v1.2.3
    Checking rand_xorshift v0.4.0
    Checking block-buffer v0.10.4
    Checking crypto-common v0.1.7
    Checking unarray v0.1.4
   Compiling mvmc-uhf v0.0.0 (/home/vscode/.cache/mvmc/issue496-direct-sr-final/crates/mvmc-uhf)
    Checking mvmc-stdface v0.0.0 (/home/vscode/.cache/mvmc/issue496-direct-sr-final/crates/mvmc-stdface)
    Checking flate2 v1.1.10
    Checking mvmc-greenr2k v0.0.0 (/home/vscode/.cache/mvmc/issue496-direct-sr-final/crates/mvmc-greenr2k)
    Checking bit-set v0.8.0
    Checking digest v0.10.7
    Checking tempfile v3.27.0
    Checking sha2 v0.10.9
    Checking rusty-fork v0.3.1
warning: use of deprecated method `std::sync::atomic::Atomic::<u64>::fetch_update`: renamed to `try_update` for consistency
    --> third_party/tenferro-runtime/src/runtime/snapshot.rs:2584:10
     |
2584 |         .fetch_update(Ordering::SeqCst, Ordering::SeqCst, |next| {
     |          ^^^^^^^^^^^^
     |
     = note: `#[warn(deprecated)]` on by default
help: replace the use of the deprecated method
     |
2584 -         .fetch_update(Ordering::SeqCst, Ordering::SeqCst, |next| {
2584 +         .try_update(Ordering::SeqCst, Ordering::SeqCst, |next| {
     |

    Checking proptest v1.11.0
warning: `tenferro-runtime` (lib) generated 1 warning (run `cargo clippy --fix --lib -p tenferro-runtime -- -D warnings` to apply 1 suggestion)
    Checking tenferro-cpu v0.7.1 (/home/vscode/.cache/mvmc/issue496-direct-sr-final/third_party/tenferro-cpu)
    Checking xtask v0.0.0 (/home/vscode/.cache/mvmc/issue496-direct-sr-final/xtask)
    Checking tenferro-ad v0.7.1 (/home/vscode/.cache/mvmc/issue496-direct-sr-final/third_party/tenferro-ad)
    Checking tenferro-einsum v0.7.1 (/home/vscode/.cache/mvmc/issue496-direct-sr-final/third_party/tenferro-einsum)
    Checking tenferro-linalg v0.7.1
    Checking libffi v5.2.0
    Checking mvmc-cli v0.0.0 (/home/vscode/.cache/mvmc/issue496-direct-sr-final/crates/mvmc-cli)
    Checking mvmc-gpu v0.0.0 (/home/vscode/.cache/mvmc/issue496-direct-sr-final/crates/mvmc-gpu)
    Finished `dev` profile [unoptimized] target(s) in 13.19s
