	linux-vdso.so.1 (0x00007a76a7285000)
	libopenblas.so.0 => /lib/x86_64-linux-gnu/libopenblas.so.0 (0x00007a76a2420000)
	libmpi.so.12 => /opt/mpich/lib/libmpi.so.12 (0x00007a769facc000)
	libgcc_s.so.1 => /lib/x86_64-linux-gnu/libgcc_s.so.1 (0x00007a769fa9e000)
	libm.so.6 => /lib/x86_64-linux-gnu/libm.so.6 (0x00007a769f9b5000)
	libc.so.6 => /lib/x86_64-linux-gnu/libc.so.6 (0x00007a769f7a3000)
	/lib64/ld-linux-x86-64.so.2 (0x00007a76a7287000)
	libgfortran.so.5 => /lib/x86_64-linux-gnu/libgfortran.so.5 (0x00007a769f485000)
	libucp.so.0 => /lib/x86_64-linux-gnu/libucp.so.0 (0x00007a769f322000)
	libucs.so.0 => /lib/x86_64-linux-gnu/libucs.so.0 (0x00007a769f2bc000)
	libuct.so.0 => /lib/x86_64-linux-gnu/libuct.so.0 (0x00007a769f276000)
	libucm.so.0 => /lib/x86_64-linux-gnu/libucm.so.0 (0x00007a769f259000)
	linux-vdso.so.1 (0x00007bcd6eb7e000)
	libopenblas.so.0 => /lib/x86_64-linux-gnu/libopenblas.so.0 (0x00007bcd6be20000)
	libm.so.6 => /lib/x86_64-linux-gnu/libm.so.6 (0x00007bcd6ea89000)
	libmpi.so.12 => /opt/mpich/lib/libmpi.so.12 (0x00007bcd694cc000)
	libgomp.so.1 => /lib/x86_64-linux-gnu/libgomp.so.1 (0x00007bcd69476000)
	libgcc_s.so.1 => /lib/x86_64-linux-gnu/libgcc_s.so.1 (0x00007bcd6ea5b000)
	libc.so.6 => /lib/x86_64-linux-gnu/libc.so.6 (0x00007bcd69264000)
	/lib64/ld-linux-x86-64.so.2 (0x00007bcd6eb80000)
	libgfortran.so.5 => /lib/x86_64-linux-gnu/libgfortran.so.5 (0x00007bcd68f46000)
	libucp.so.0 => /lib/x86_64-linux-gnu/libucp.so.0 (0x00007bcd68de3000)
	libucs.so.0 => /lib/x86_64-linux-gnu/libucs.so.0 (0x00007bcd68d7d000)
	libuct.so.0 => /lib/x86_64-linux-gnu/libuct.so.0 (0x00007bcd68d37000)
	libucm.so.0 => /lib/x86_64-linux-gnu/libucm.so.0 (0x00007bcd68d1a000)
rustc 1.99.0 (b940084d7 2026-09-28)
gcc (Ubuntu 13.3.0-6ubuntu2~24.04.1) 13.3.0
